
> gestion-gimnasio@0.1.0 build
> next build

Ôû▓ Next.js 16.1.6 (Turbopack)
- Environments: .env.local

  Creating an optimized production build ...
Ô£ô Compiled successfully in 37.9s
  Running TypeScript ...
node.exe : Failed to compile.
En C:\Program 
Files\nodejs\npm.ps1: 29 
Carácter: 3
+   & $NODE_EXE $NPM_CLI_JS $args
+   ~~~~~~~~~~~~~~~~~~~~~~~~~~~~~
    + CategoryInfo          : Not 
   Specified: (Failed to compile  
  .:String) [], RemoteException
    + FullyQualifiedErrorId : Nat 
   iveCommandError
 

./src/app/historial/page.tsx:176:6
0
Type error: Property 'created_at' 
does not exist on type 'Pago'.

[0m [90m 174 |[39m             
                            [33m<
[39m[33m/[39m[33mTableCell[39
m[33m>[39m
 [90m 175 |[39m                 
                        
[33m<[39m[33mTableCell[39m cla
ssName[33m=[39m[32m"text-right 
text-zinc-500 
text-xs"[39m[33m>[39m
[31m[1m>[22m[39m[90m 176 
|[39m                            
                 {[36mnew[39m [
33mDate[39m(pago[33m.[39mcreate
d_at)[33m.[39mtoLocaleDateString
()}
 [90m     |[39m                 
                                  
         [31m[1m^[22m[39m
 [90m 177 |[39m                 
                        [33m<[39
m[33m/[39m[33mTableCell[39m[3
3m>[39m
 [90m 178 |[39m                 
                        
[33m<[39m[33mTableCell[39m cla
ssName[33m=[39m[32m"text-right 
font-bold 
text-white"[39m[33m>[39m
 [90m 179 |[39m                 
                            
{pago[33m.[39mmonto}Ôé¼[0m
Next.js build worker exited with 
code: 1 and signal: null
